 
cpldfit:  version J.33                              Xilinx Inc.
                                  Fitter Report
Design Name: CPLD_32Channel_forSignalBoard       Date: 11-25-2013,  3:47PM
Device Used: XC95108-7-PC84
Fitting Status: Successful

*************************  Mapped Resource Summary  **************************

Macrocells     Product Terms    Function Block   Registers      Pins           
Used/Tot       Used/Tot         Inps Used/Tot    Used/Tot       Used/Tot       
20 /108 ( 19%) 57  /540  ( 11%) 89 /216 ( 41%)   19 /108 ( 18%) 41 /69  ( 59%)

** Function Block Resources **

Function    Mcells      FB Inps     Signals     Pterms      IO          
Block       Used/Tot    Used/Tot    Used        Used/Tot    Used/Tot    
FB1           9/18       30/36       30          27/90       9/12
FB2           2/18       17/36       17           6/90       2/12
FB3           8/18       27/36       27          21/90       8/12
FB4           1/18       15/36       15           3/90       1/11
FB5           0/18        0/36        0           0/90       0/11
FB6           0/18        0/36        0           0/90       0/11
             -----       -----                   -----       -----     
             20/108      89/216                  57/540     20/69 

* - Resource is exhausted

** Global Control Resources **

Global clock net(s) unused.
Global output enable net(s) unused.
Global set/reset net(s) unused.

** Pin Resources **

Signal Type    Required     Mapped  |  Pin Type            Used    Total 
------------------------------------|------------------------------------
Input         :   21          21    |  I/O              :    41      63
Output        :   20          20    |  GCK/IO           :     0       3
Bidirectional :    0           0    |  GTS/IO           :     0       2
GCK           :    0           0    |  GSR/IO           :     0       1
GTS           :    0           0    |
GSR           :    0           0    |
                 ----        ----
        Total     41          41

** Power Data **

There are 20 macrocells in high performance mode (MCHP).
There are 0 macrocells in low power mode (MCLP).
End of Mapped Resource Summary
**************************  Errors and Warnings  ***************************

WARNING:Cpld:936 - The output buffer 'OUT_SD<15>_OBUF' is missing an input and
   will be deleted.
WARNING:Cpld:936 - The output buffer 'OUT_SD<14>_OBUF' is missing an input and
   will be deleted.
WARNING:Cpld:936 - The output buffer 'OUT_SD<13>_OBUF' is missing an input and
   will be deleted.
WARNING:Cpld:936 - The output buffer 'OUT_SD<12>_OBUF' is missing an input and
   will be deleted.
WARNING:Cpld:936 - The output buffer 'OUT_SD<11>_OBUF' is missing an input and
   will be deleted.
WARNING:Cpld:1007 - Removing unused input(s) 'IN_SD<10>'.  The input(s) are
   unused after optimization. Please verify functionality via simulation.
WARNING:Cpld:1007 - Removing unused input(s) 'IN_SD<11>'.  The input(s) are
   unused after optimization. Please verify functionality via simulation.
WARNING:Cpld:1007 - Removing unused input(s) 'IN_SD<12>'.  The input(s) are
   unused after optimization. Please verify functionality via simulation.
WARNING:Cpld:1007 - Removing unused input(s) 'IN_SD<13>'.  The input(s) are
   unused after optimization. Please verify functionality via simulation.
WARNING:Cpld:1007 - Removing unused input(s) 'IN_SD<14>'.  The input(s) are
   unused after optimization. Please verify functionality via simulation.
WARNING:Cpld:1007 - Removing unused input(s) 'IN_SD<15>'.  The input(s) are
   unused after optimization. Please verify functionality via simulation.
WARNING:Cpld:1007 - Removing unused input(s) 'IN_SD<8>'.  The input(s) are
   unused after optimization. Please verify functionality via simulation.
WARNING:Cpld:1007 - Removing unused input(s) 'IN_SD<9>'.  The input(s) are
   unused after optimization. Please verify functionality via simulation.
WARNING:Cpld:1007 - Removing unused input(s) 'IOR'.  The input(s) are unused
   after optimization. Please verify functionality via simulation.
WARNING:Cpld:1007 - Removing unused input(s) 'SD<10>'.  The input(s) are unused
   after optimization. Please verify functionality via simulation.
WARNING:Cpld:1007 - Removing unused input(s) 'SD<11>'.  The input(s) are unused
   after optimization. Please verify functionality via simulation.
WARNING:Cpld:1007 - Removing unused input(s) 'SD<12>'.  The input(s) are unused
   after optimization. Please verify functionality via simulation.
WARNING:Cpld:1007 - Removing unused input(s) 'SD<13>'.  The input(s) are unused
   after optimization. Please verify functionality via simulation.
WARNING:Cpld:1007 - Removing unused input(s) 'SD<14>'.  The input(s) are unused
   after optimization. Please verify functionality via simulation.
WARNING:Cpld:1007 - Removing unused input(s) 'SD<15>'.  The input(s) are unused
   after optimization. Please verify functionality via simulation.
WARNING:Cpld:1007 - Removing unused input(s) 'SD<8>'.  The input(s) are unused
   after optimization. Please verify functionality via simulation.
WARNING:Cpld:1007 - Removing unused input(s) 'SD<9>'.  The input(s) are unused
   after optimization. Please verify functionality via simulation.
*************************  Summary of Mapped Logic  ************************

** 20 Outputs **

Signal              Total Total Loc     Pin  Pin     Pin     Pwr  Slew Reg Init
Name                Pts   Inps          No.  Type    Use     Mode Rate State
IO_B<7>             3     15    FB1_2   1    I/O     O       STD  FAST RESET
IO_B<6>             3     15    FB1_3   2    I/O     O       STD  FAST RESET
IO_B<5>             3     15    FB1_5   3    I/O     O       STD  FAST RESET
IO_B<4>             3     15    FB1_6   4    I/O     O       STD  FAST RESET
IO_B<3>             3     15    FB1_8   5    I/O     O       STD  FAST RESET
IO_B<2>             3     15    FB1_9   6    I/O     O       STD  FAST RESET
IO_B<1>             3     15    FB1_11  7    I/O     O       STD  FAST RESET
IO_B<0>             3     15    FB1_15  11   I/O     O       STD  FAST RESET
IO_A<7>             3     15    FB1_17  13   I/O     O       STD  FAST RESET
OUT_SD<9>           3     15    FB2_2   71   I/O     O       STD  FAST RESET
OUT_SD<8>           3     15    FB2_3   72   I/O     O       STD  FAST RESET
IO_A<6>             3     15    FB3_2   14   I/O     O       STD  FAST RESET
IO_A<5>             3     15    FB3_3   15   I/O     O       STD  FAST RESET
IO_A<4>             3     15    FB3_5   17   I/O     O       STD  FAST RESET
IO_A<3>             3     15    FB3_6   18   I/O     O       STD  FAST RESET
IO_A<2>             3     15    FB3_8   19   I/O     O       STD  FAST RESET
IO_A<1>             3     15    FB3_9   20   I/O     O       STD  FAST RESET
IO_A<0>             3     15    FB3_11  21   I/O     O       STD  FAST RESET
IOCS16              0     0     FB3_16  26   I/O     O       STD  FAST 
OUT_SD<10>          3     15    FB4_17  70   I/O     O       STD  FAST RESET

** 21 Inputs **

Signal              Loc     Pin  Pin     Pin     
Name                        No.  Type    Use     
IOW                 FB3_12  23   I/O     I
SA<11>              FB3_17  31   I/O     I
SD<4>               FB4_2   57   I/O     I
SD<3>               FB4_3   58   I/O     I
SD<2>               FB4_5   61   I/O     I
SD<1>               FB4_6   62   I/O     I
SD<0>               FB4_8   63   I/O     I
SA<10>              FB5_2   32   I/O     I
SA<9>               FB5_3   33   I/O     I
SA<8>               FB5_5   34   I/O     I
SA<7>               FB5_6   35   I/O     I
SA<6>               FB5_8   36   I/O     I
SA<5>               FB5_9   37   I/O     I
SA<4>               FB5_11  39   I/O     I
SA<3>               FB5_12  40   I/O     I
SA<2>               FB5_14  41   I/O     I
SA<1>               FB5_15  43   I/O     I
SA<0>               FB5_17  44   I/O     I
SD<7>               FB6_14  54   I/O     I
SD<6>               FB6_15  55   I/O     I
SD<5>               FB6_17  56   I/O     I

Legend:
Pin No. - ~ - User Assigned
**************************  Function Block Details  ************************
Legend:
Total Pt     - Total product terms used by the macrocell signal
Imp Pt       - Product terms imported from other macrocells
Exp Pt       - Product terms exported to other macrocells
               in direction shown
Unused Pt    - Unused local product terms remaining in macrocell
Loc          - Location where logic was mapped in device
Pin Type/Use - I  - Input             GCK - Global Clock
               O  - Output            GTS - Global Output Enable
              (b) - Buried macrocell  GSR - Global Set/Reset
X(@)         - Signal used as input (wire-AND input) to the macrocell logic.
               The number of Signals Used may exceed the number of FB Inputs
               Used due to wire-ANDing in the switch matrix.
Pin No.      - ~  - User Assigned
*********************************** FB1  ***********************************
Number of function block inputs used/remaining:               30/6
Number of signals used by logic mapping into function block:  30
Signal              Total   Imp   Exp Unused  Loc     Pin   Pin     Pin
Name                Pt      Pt    Pt  Pt               #    Type    Use
(unused)              0       0     0   5     FB1_1         (b)     
IO_B<7>               3       0     0   2     FB1_2   1     I/O     O
IO_B<6>               3       0     0   2     FB1_3   2     I/O     O
(unused)              0       0     0   5     FB1_4         (b)     
IO_B<5>               3       0     0   2     FB1_5   3     I/O     O
IO_B<4>               3       0     0   2     FB1_6   4     I/O     O
(unused)              0       0     0   5     FB1_7         (b)     
IO_B<3>               3       0     0   2     FB1_8   5     I/O     O
IO_B<2>               3       0     0   2     FB1_9   6     I/O     O
(unused)              0       0     0   5     FB1_10        (b)     
IO_B<1>               3       0     0   2     FB1_11  7     I/O     O
(unused)              0       0     0   5     FB1_12  9     GCK/I/O 
(unused)              0       0     0   5     FB1_13        (b)     
(unused)              0       0     0   5     FB1_14  10    GCK/I/O 
IO_B<0>               3       0     0   2     FB1_15  11    I/O     O
(unused)              0       0     0   5     FB1_16  12    GCK/I/O 
IO_A<7>               3       0     0   2     FB1_17  13    I/O     O
(unused)              0       0     0   5     FB1_18        (b)     

Signals Used by Logic in Function Block
  1: IOW               11: SA<0>             21: SA<8> 
  2: IO_A_7.LFBK       12: SA<10>            22: SA<9> 
  3: IO_B_0.LFBK       13: SA<11>            23: SD<0> 
  4: IO_B_1.LFBK       14: SA<1>             24: SD<1> 
  5: IO_B_2.LFBK       15: SA<2>             25: SD<2> 
  6: IO_B_3.LFBK       16: SA<3>             26: SD<3> 
  7: IO_B_4.LFBK       17: SA<4>             27: SD<4> 
  8: IO_B_5.LFBK       18: SA<5>             28: SD<5> 
  9: IO_B_6.LFBK       19: SA<6>             29: SD<6> 
 10: IO_B_7.LFBK       20: SA<7>             30: SD<7> 

Signal                        1         2         3         4 Signals FB
Name                0----+----0----+----0----+----0----+----0 Used    Inputs
IO_B<7>              X........XXXXXXXXXXXXX.......X.......... 15      15
IO_B<6>              X.......X.XXXXXXXXXXXX......X........... 15      15
IO_B<5>              X......X..XXXXXXXXXXXX.....X............ 15      15
IO_B<4>              X.....X...XXXXXXXXXXXX....X............. 15      15
IO_B<3>              X....X....XXXXXXXXXXXX...X.............. 15      15
IO_B<2>              X...X.....XXXXXXXXXXXX..X............... 15      15
IO_B<1>              X..X......XXXXXXXXXXXX.X................ 15      15
IO_B<0>              X.X.......XXXXXXXXXXXXX................. 15      15
IO_A<7>              XX........XXXXXXXXXXXX.......X.......... 15      15
                    0----+----1----+----2----+----3----+----4
                              0         0         0         0
*********************************** FB2  ***********************************
Number of function block inputs used/remaining:               17/19
Number of signals used by logic mapping into function block:  17
Signal              Total   Imp   Exp Unused  Loc     Pin   Pin     Pin
Name                Pt      Pt    Pt  Pt               #    Type    Use
(unused)              0       0     0   5     FB2_1         (b)     
OUT_SD<9>             3       0     0   2     FB2_2   71    I/O     O
OUT_SD<8>             3       0     0   2     FB2_3   72    I/O     O
(unused)              0       0     0   5     FB2_4         (b)     
(unused)              0       0     0   5     FB2_5   74    GSR/I/O 
(unused)              0       0     0   5     FB2_6   75    I/O     
(unused)              0       0     0   5     FB2_7         (b)     
(unused)              0       0     0   5     FB2_8   76    GTS/I/O 
(unused)              0       0     0   5     FB2_9   77    GTS/I/O 
(unused)              0       0     0   5     FB2_10        (b)     
(unused)              0       0     0   5     FB2_11  79    I/O     
(unused)              0       0     0   5     FB2_12  80    I/O     
(unused)              0       0     0   5     FB2_13        (b)     
(unused)              0       0     0   5     FB2_14  81    I/O     
(unused)              0       0     0   5     FB2_15  82    I/O     
(unused)              0       0     0   5     FB2_16  83    I/O     
(unused)              0       0     0   5     FB2_17  84    I/O     
(unused)              0       0     0   5     FB2_18        (b)     

Signals Used by Logic in Function Block
  1: IOW                7: SA<1>             13: SA<7> 
  2: OUT_SD_8.LFBK      8: SA<2>             14: SA<8> 
  3: OUT_SD_9.LFBK      9: SA<3>             15: SA<9> 
  4: SA<0>             10: SA<4>             16: SD<0> 
  5: SA<10>            11: SA<5>             17: SD<1> 
  6: SA<11>            12: SA<6>            

Signal                        1         2         3         4 Signals FB
Name                0----+----0----+----0----+----0----+----0 Used    Inputs
OUT_SD<9>            X.XXXXXXXXXXXXX.X....................... 15      15
OUT_SD<8>            XX.XXXXXXXXXXXXX........................ 15      15
                    0----+----1----+----2----+----3----+----4
                              0         0         0         0
*********************************** FB3  ***********************************
Number of function block inputs used/remaining:               27/9
Number of signals used by logic mapping into function block:  27
Signal              Total   Imp   Exp Unused  Loc     Pin   Pin     Pin
Name                Pt      Pt    Pt  Pt               #    Type    Use
(unused)              0       0     0   5     FB3_1         (b)     
IO_A<6>               3       0     0   2     FB3_2   14    I/O     O
IO_A<5>               3       0     0   2     FB3_3   15    I/O     O
(unused)              0       0     0   5     FB3_4         (b)     
IO_A<4>               3       0     0   2     FB3_5   17    I/O     O
IO_A<3>               3       0     0   2     FB3_6   18    I/O     O
(unused)              0       0     0   5     FB3_7         (b)     
IO_A<2>               3       0     0   2     FB3_8   19    I/O     O
IO_A<1>               3       0     0   2     FB3_9   20    I/O     O
(unused)              0       0     0   5     FB3_10        (b)     
IO_A<0>               3       0     0   2     FB3_11  21    I/O     O
(unused)              0       0     0   5     FB3_12  23    I/O     I
(unused)              0       0     0   5     FB3_13        (b)     
(unused)              0       0     0   5     FB3_14  24    I/O     
(unused)              0       0     0   5     FB3_15  25    I/O     
IOCS16                0       0     0   5     FB3_16  26    I/O     O
(unused)              0       0     0   5     FB3_17  31    I/O     I
(unused)              0       0     0   5     FB3_18        (b)     

Signals Used by Logic in Function Block
  1: IOW               10: SA<10>            19: SA<8> 
  2: IO_A_0.LFBK       11: SA<11>            20: SA<9> 
  3: IO_A_1.LFBK       12: SA<1>             21: SD<0> 
  4: IO_A_2.LFBK       13: SA<2>             22: SD<1> 
  5: IO_A_3.LFBK       14: SA<3>             23: SD<2> 
  6: IO_A_4.LFBK       15: SA<4>             24: SD<3> 
  7: IO_A_5.LFBK       16: SA<5>             25: SD<4> 
  8: IO_A_6.LFBK       17: SA<6>             26: SD<5> 
  9: SA<0>             18: SA<7>             27: SD<6> 

Signal                        1         2         3         4 Signals FB
Name                0----+----0----+----0----+----0----+----0 Used    Inputs
IO_A<6>              X......XXXXXXXXXXXXX......X............. 15      15
IO_A<5>              X.....X.XXXXXXXXXXXX.....X.............. 15      15
IO_A<4>              X....X..XXXXXXXXXXXX....X............... 15      15
IO_A<3>              X...X...XXXXXXXXXXXX...X................ 15      15
IO_A<2>              X..X....XXXXXXXXXXXX..X................. 15      15
IO_A<1>              X.X.....XXXXXXXXXXXX.X.................. 15      15
IO_A<0>              XX......XXXXXXXXXXXXX................... 15      15
IOCS16               ........................................ 0       0
                    0----+----1----+----2----+----3----+----4
                              0         0         0         0
*********************************** FB4  ***********************************
Number of function block inputs used/remaining:               15/21
Number of signals used by logic mapping into function block:  15
Signal              Total   Imp   Exp Unused  Loc     Pin   Pin     Pin
Name                Pt      Pt    Pt  Pt               #    Type    Use
(unused)              0       0     0   5     FB4_1         (b)     
(unused)              0       0     0   5     FB4_2   57    I/O     I
(unused)              0       0     0   5     FB4_3   58    I/O     I
(unused)              0       0     0   5     FB4_4         (b)     
(unused)              0       0     0   5     FB4_5   61    I/O     I
(unused)              0       0     0   5     FB4_6   62    I/O     I
(unused)              0       0     0   5     FB4_7         (b)     
(unused)              0       0     0   5     FB4_8   63    I/O     I
(unused)              0       0     0   5     FB4_9   65    I/O     
(unused)              0       0     0   5     FB4_10        (b)     
(unused)              0       0     0   5     FB4_11  66    I/O     
(unused)              0       0     0   5     FB4_12  67    I/O     
(unused)              0       0     0   5     FB4_13        (b)     
(unused)              0       0     0   5     FB4_14  68    I/O     
(unused)              0       0     0   5     FB4_15  69    I/O     
(unused)              0       0     0   5     FB4_16        (b)     
OUT_SD<10>            3       0     0   2     FB4_17  70    I/O     O
(unused)              0       0     0   5     FB4_18        (b)     

Signals Used by Logic in Function Block
  1: IOW                6: SA<1>             11: SA<6> 
  2: OUT_SD_10.LFBK     7: SA<2>             12: SA<7> 
  3: SA<0>              8: SA<3>             13: SA<8> 
  4: SA<10>             9: SA<4>             14: SA<9> 
  5: SA<11>            10: SA<5>             15: SD<2> 

Signal                        1         2         3         4 Signals FB
Name                0----+----0----+----0----+----0----+----0 Used    Inputs
OUT_SD<10>           XXXXXXXXXXXXXXX......................... 15      15
                    0----+----1----+----2----+----3----+----4
                              0         0         0         0
*********************************** FB5  ***********************************
Number of function block inputs used/remaining:               0/36
Number of signals used by logic mapping into function block:  0
Signal              Total   Imp   Exp Unused  Loc     Pin   Pin     Pin
Name                Pt      Pt    Pt  Pt               #    Type    Use
(unused)              0       0     0   5     FB5_1         (b)     
(unused)              0       0     0   5     FB5_2   32    I/O     I
(unused)              0       0     0   5     FB5_3   33    I/O     I
(unused)              0       0     0   5     FB5_4         (b)     
(unused)              0       0     0   5     FB5_5   34    I/O     I
(unused)              0       0     0   5     FB5_6   35    I/O     I
(unused)              0       0     0   5     FB5_7         (b)     
(unused)              0       0     0   5     FB5_8   36    I/O     I
(unused)              0       0     0   5     FB5_9   37    I/O     I
(unused)              0       0     0   5     FB5_10        (b)     
(unused)              0       0     0   5     FB5_11  39    I/O     I
(unused)              0       0     0   5     FB5_12  40    I/O     I
(unused)              0       0     0   5     FB5_13        (b)     
(unused)              0       0     0   5     FB5_14  41    I/O     I
(unused)              0       0     0   5     FB5_15  43    I/O     I
(unused)              0       0     0   5     FB5_16        (b)     
(unused)              0       0     0   5     FB5_17  44    I/O     I
(unused)              0       0     0   5     FB5_18        (b)     
*********************************** FB6  ***********************************
Number of function block inputs used/remaining:               0/36
Number of signals used by logic mapping into function block:  0
Signal              Total   Imp   Exp Unused  Loc     Pin   Pin     Pin
Name                Pt      Pt    Pt  Pt               #    Type    Use
(unused)              0       0     0   5     FB6_1         (b)     
(unused)              0       0     0   5     FB6_2   45    I/O     
(unused)              0       0     0   5     FB6_3   46    I/O     
(unused)              0       0     0   5     FB6_4         (b)     
(unused)              0       0     0   5     FB6_5   47    I/O     
(unused)              0       0     0   5     FB6_6   48    I/O     
(unused)              0       0     0   5     FB6_7         (b)     
(unused)              0       0     0   5     FB6_8   50    I/O     
(unused)              0       0     0   5     FB6_9   51    I/O     
(unused)              0       0     0   5     FB6_10        (b)     
(unused)              0       0     0   5     FB6_11  52    I/O     
(unused)              0       0     0   5     FB6_12  53    I/O     
(unused)              0       0     0   5     FB6_13        (b)     
(unused)              0       0     0   5     FB6_14  54    I/O     I
(unused)              0       0     0   5     FB6_15  55    I/O     I
(unused)              0       0     0   5     FB6_16        (b)     
(unused)              0       0     0   5     FB6_17  56    I/O     I
(unused)              0       0     0   5     FB6_18        (b)     
*******************************  Equations  ********************************

********** Mapped Logic **********


IOCS16_I <= '0';
IOCS16 <= IOCS16_I when IOCS16_OE = '1' else 'Z';
IOCS16_OE <= '0';

FTCPE_IO_A0: FTCPE port map (IO_A(0),IO_A_T(0),NOT IOW,'0','0');
IO_A_T(0) <= ((NOT SA(5) AND NOT SA(4) AND NOT SA(3) AND NOT SA(2) AND NOT SA(8) AND NOT SA(7) AND 
	NOT SA(11) AND NOT SA(10) AND SD(0) AND SA(6) AND NOT SA(1) AND SA(9) AND 
	SA(0) AND IO_A_0.LFBK)
	OR (NOT SA(5) AND NOT SA(4) AND NOT SA(3) AND NOT SA(2) AND NOT SA(8) AND NOT SA(7) AND 
	NOT SA(11) AND NOT SA(10) AND NOT SD(0) AND SA(6) AND NOT SA(1) AND SA(9) AND 
	SA(0) AND NOT IO_A_0.LFBK));

FTCPE_IO_A1: FTCPE port map (IO_A(1),IO_A_T(1),NOT IOW,'0','0');
IO_A_T(1) <= ((NOT SA(5) AND NOT SA(4) AND NOT SA(3) AND NOT SA(2) AND NOT SA(8) AND NOT SA(7) AND 
	NOT SA(11) AND NOT SA(10) AND SD(1) AND SA(6) AND NOT SA(1) AND SA(9) AND 
	SA(0) AND IO_A_1.LFBK)
	OR (NOT SA(5) AND NOT SA(4) AND NOT SA(3) AND NOT SA(2) AND NOT SA(8) AND NOT SA(7) AND 
	NOT SA(11) AND NOT SA(10) AND NOT SD(1) AND SA(6) AND NOT SA(1) AND SA(9) AND 
	SA(0) AND NOT IO_A_1.LFBK));

FTCPE_IO_A2: FTCPE port map (IO_A(2),IO_A_T(2),NOT IOW,'0','0');
IO_A_T(2) <= ((NOT SA(5) AND NOT SA(4) AND NOT SA(3) AND NOT SA(2) AND NOT SA(8) AND NOT SA(7) AND 
	NOT SA(11) AND NOT SA(10) AND SD(2) AND SA(6) AND NOT SA(1) AND SA(9) AND 
	SA(0) AND IO_A_2.LFBK)
	OR (NOT SA(5) AND NOT SA(4) AND NOT SA(3) AND NOT SA(2) AND NOT SA(8) AND NOT SA(7) AND 
	NOT SA(11) AND NOT SA(10) AND NOT SD(2) AND SA(6) AND NOT SA(1) AND SA(9) AND 
	SA(0) AND NOT IO_A_2.LFBK));

FTCPE_IO_A3: FTCPE port map (IO_A(3),IO_A_T(3),NOT IOW,'0','0');
IO_A_T(3) <= ((NOT SA(5) AND NOT SA(4) AND NOT SA(3) AND NOT SA(2) AND NOT SA(8) AND NOT SA(7) AND 
	NOT SA(11) AND NOT SA(10) AND SD(3) AND SA(6) AND NOT SA(1) AND SA(9) AND 
	SA(0) AND IO_A_3.LFBK)
	OR (NOT SA(5) AND NOT SA(4) AND NOT SA(3) AND NOT SA(2) AND NOT SA(8) AND NOT SA(7) AND 
	NOT SA(11) AND NOT SA(10) AND NOT SD(3) AND SA(6) AND NOT SA(1) AND SA(9) AND 
	SA(0) AND NOT IO_A_3.LFBK));

FTCPE_IO_A4: FTCPE port map (IO_A(4),IO_A_T(4),NOT IOW,'0','0');
IO_A_T(4) <= ((NOT SA(5) AND NOT SA(4) AND NOT SA(3) AND NOT SA(2) AND NOT SA(8) AND NOT SA(7) AND 
	NOT SA(11) AND NOT SA(10) AND SD(4) AND SA(6) AND NOT SA(1) AND SA(9) AND 
	SA(0) AND IO_A_4.LFBK)
	OR (NOT SA(5) AND NOT SA(4) AND NOT SA(3) AND NOT SA(2) AND NOT SA(8) AND NOT SA(7) AND 
	NOT SA(11) AND NOT SA(10) AND NOT SD(4) AND SA(6) AND NOT SA(1) AND SA(9) AND 
	SA(0) AND NOT IO_A_4.LFBK));

FTCPE_IO_A5: FTCPE port map (IO_A(5),IO_A_T(5),NOT IOW,'0','0');
IO_A_T(5) <= ((NOT SA(5) AND NOT SA(4) AND NOT SA(3) AND NOT SA(2) AND NOT SA(8) AND NOT SA(7) AND 
	NOT SA(11) AND NOT SA(10) AND SD(5) AND SA(6) AND NOT SA(1) AND SA(9) AND 
	SA(0) AND IO_A_5.LFBK)
	OR (NOT SA(5) AND NOT SA(4) AND NOT SA(3) AND NOT SA(2) AND NOT SA(8) AND NOT SA(7) AND 
	NOT SA(11) AND NOT SA(10) AND NOT SD(5) AND SA(6) AND NOT SA(1) AND SA(9) AND 
	SA(0) AND NOT IO_A_5.LFBK));

FTCPE_IO_A6: FTCPE port map (IO_A(6),IO_A_T(6),NOT IOW,'0','0');
IO_A_T(6) <= ((NOT SA(5) AND NOT SA(4) AND NOT SA(3) AND NOT SA(2) AND NOT SA(8) AND NOT SA(7) AND 
	NOT SA(11) AND NOT SA(10) AND SD(6) AND SA(6) AND NOT SA(1) AND SA(9) AND 
	SA(0) AND IO_A_6.LFBK)
	OR (NOT SA(5) AND NOT SA(4) AND NOT SA(3) AND NOT SA(2) AND NOT SA(8) AND NOT SA(7) AND 
	NOT SA(11) AND NOT SA(10) AND NOT SD(6) AND SA(6) AND NOT SA(1) AND SA(9) AND 
	SA(0) AND NOT IO_A_6.LFBK));

FTCPE_IO_A7: FTCPE port map (IO_A(7),IO_A_T(7),NOT IOW,'0','0');
IO_A_T(7) <= ((NOT SA(5) AND NOT SA(4) AND NOT SA(3) AND NOT SA(2) AND NOT SA(8) AND NOT SA(7) AND 
	NOT SA(11) AND NOT SA(10) AND SD(7) AND SA(6) AND NOT SA(1) AND SA(9) AND 
	SA(0) AND IO_A_7.LFBK)
	OR (NOT SA(5) AND NOT SA(4) AND NOT SA(3) AND NOT SA(2) AND NOT SA(8) AND NOT SA(7) AND 
	NOT SA(11) AND NOT SA(10) AND NOT SD(7) AND SA(6) AND NOT SA(1) AND SA(9) AND 
	SA(0) AND NOT IO_A_7.LFBK));

FTCPE_IO_B0: FTCPE port map (IO_B(0),IO_B_T(0),NOT IOW,'0','0');
IO_B_T(0) <= ((NOT SA(5) AND NOT SA(4) AND NOT SA(3) AND NOT SA(2) AND NOT SA(8) AND NOT SA(7) AND 
	NOT SA(11) AND NOT SA(10) AND SD(0) AND SA(6) AND SA(1) AND SA(9) AND 
	NOT SA(0) AND IO_B_0.LFBK)
	OR (NOT SA(5) AND NOT SA(4) AND NOT SA(3) AND NOT SA(2) AND NOT SA(8) AND NOT SA(7) AND 
	NOT SA(11) AND NOT SA(10) AND NOT SD(0) AND SA(6) AND SA(1) AND SA(9) AND 
	NOT SA(0) AND NOT IO_B_0.LFBK));

FTCPE_IO_B1: FTCPE port map (IO_B(1),IO_B_T(1),NOT IOW,'0','0');
IO_B_T(1) <= ((NOT SA(5) AND NOT SA(4) AND NOT SA(3) AND NOT SA(2) AND NOT SA(8) AND NOT SA(7) AND 
	NOT SA(11) AND NOT SA(10) AND SD(1) AND SA(6) AND SA(1) AND SA(9) AND 
	NOT SA(0) AND IO_B_1.LFBK)
	OR (NOT SA(5) AND NOT SA(4) AND NOT SA(3) AND NOT SA(2) AND NOT SA(8) AND NOT SA(7) AND 
	NOT SA(11) AND NOT SA(10) AND NOT SD(1) AND SA(6) AND SA(1) AND SA(9) AND 
	NOT SA(0) AND NOT IO_B_1.LFBK));

FTCPE_IO_B2: FTCPE port map (IO_B(2),IO_B_T(2),NOT IOW,'0','0');
IO_B_T(2) <= ((NOT SA(5) AND NOT SA(4) AND NOT SA(3) AND NOT SA(2) AND NOT SA(8) AND NOT SA(7) AND 
	NOT SA(11) AND NOT SA(10) AND SD(2) AND SA(6) AND SA(1) AND SA(9) AND 
	NOT SA(0) AND IO_B_2.LFBK)
	OR (NOT SA(5) AND NOT SA(4) AND NOT SA(3) AND NOT SA(2) AND NOT SA(8) AND NOT SA(7) AND 
	NOT SA(11) AND NOT SA(10) AND NOT SD(2) AND SA(6) AND SA(1) AND SA(9) AND 
	NOT SA(0) AND NOT IO_B_2.LFBK));

FTCPE_IO_B3: FTCPE port map (IO_B(3),IO_B_T(3),NOT IOW,'0','0');
IO_B_T(3) <= ((NOT SA(5) AND NOT SA(4) AND NOT SA(3) AND NOT SA(2) AND NOT SA(8) AND NOT SA(7) AND 
	NOT SA(11) AND NOT SA(10) AND SD(3) AND SA(6) AND SA(1) AND SA(9) AND 
	NOT SA(0) AND IO_B_3.LFBK)
	OR (NOT SA(5) AND NOT SA(4) AND NOT SA(3) AND NOT SA(2) AND NOT SA(8) AND NOT SA(7) AND 
	NOT SA(11) AND NOT SA(10) AND NOT SD(3) AND SA(6) AND SA(1) AND SA(9) AND 
	NOT SA(0) AND NOT IO_B_3.LFBK));

FTCPE_IO_B4: FTCPE port map (IO_B(4),IO_B_T(4),NOT IOW,'0','0');
IO_B_T(4) <= ((NOT SA(5) AND NOT SA(4) AND NOT SA(3) AND NOT SA(2) AND NOT SA(8) AND NOT SA(7) AND 
	NOT SA(11) AND NOT SA(10) AND SD(4) AND SA(6) AND SA(1) AND SA(9) AND 
	NOT SA(0) AND IO_B_4.LFBK)
	OR (NOT SA(5) AND NOT SA(4) AND NOT SA(3) AND NOT SA(2) AND NOT SA(8) AND NOT SA(7) AND 
	NOT SA(11) AND NOT SA(10) AND NOT SD(4) AND SA(6) AND SA(1) AND SA(9) AND 
	NOT SA(0) AND NOT IO_B_4.LFBK));

FTCPE_IO_B5: FTCPE port map (IO_B(5),IO_B_T(5),NOT IOW,'0','0');
IO_B_T(5) <= ((NOT SA(5) AND NOT SA(4) AND NOT SA(3) AND NOT SA(2) AND NOT SA(8) AND NOT SA(7) AND 
	NOT SA(11) AND NOT SA(10) AND SD(5) AND SA(6) AND SA(1) AND SA(9) AND 
	NOT SA(0) AND IO_B_5.LFBK)
	OR (NOT SA(5) AND NOT SA(4) AND NOT SA(3) AND NOT SA(2) AND NOT SA(8) AND NOT SA(7) AND 
	NOT SA(11) AND NOT SA(10) AND NOT SD(5) AND SA(6) AND SA(1) AND SA(9) AND 
	NOT SA(0) AND NOT IO_B_5.LFBK));

FTCPE_IO_B6: FTCPE port map (IO_B(6),IO_B_T(6),NOT IOW,'0','0');
IO_B_T(6) <= ((NOT SA(5) AND NOT SA(4) AND NOT SA(3) AND NOT SA(2) AND NOT SA(8) AND NOT SA(7) AND 
	NOT SA(11) AND NOT SA(10) AND SD(6) AND SA(6) AND SA(1) AND SA(9) AND 
	NOT SA(0) AND IO_B_6.LFBK)
	OR (NOT SA(5) AND NOT SA(4) AND NOT SA(3) AND NOT SA(2) AND NOT SA(8) AND NOT SA(7) AND 
	NOT SA(11) AND NOT SA(10) AND NOT SD(6) AND SA(6) AND SA(1) AND SA(9) AND 
	NOT SA(0) AND NOT IO_B_6.LFBK));

FTCPE_IO_B7: FTCPE port map (IO_B(7),IO_B_T(7),NOT IOW,'0','0');
IO_B_T(7) <= ((NOT SA(5) AND NOT SA(4) AND NOT SA(3) AND NOT SA(2) AND NOT SA(8) AND NOT SA(7) AND 
	NOT SA(11) AND NOT SA(10) AND SD(7) AND SA(6) AND SA(1) AND SA(9) AND 
	NOT SA(0) AND IO_B_7.LFBK)
	OR (NOT SA(5) AND NOT SA(4) AND NOT SA(3) AND NOT SA(2) AND NOT SA(8) AND NOT SA(7) AND 
	NOT SA(11) AND NOT SA(10) AND NOT SD(7) AND SA(6) AND SA(1) AND SA(9) AND 
	NOT SA(0) AND NOT IO_B_7.LFBK));

FTCPE_OUT_SD8: FTCPE port map (OUT_SD(8),OUT_SD_T(8),NOT IOW,'0','0');
OUT_SD_T(8) <= ((NOT SA(5) AND NOT SA(4) AND NOT SA(3) AND NOT SA(2) AND NOT SA(8) AND NOT SA(7) AND 
	NOT SA(11) AND NOT SA(10) AND SD(0) AND SA(6) AND NOT SA(1) AND SA(9) AND 
	NOT SA(0) AND OUT_SD_8.LFBK)
	OR (NOT SA(5) AND NOT SA(4) AND NOT SA(3) AND NOT SA(2) AND NOT SA(8) AND NOT SA(7) AND 
	NOT SA(11) AND NOT SA(10) AND NOT SD(0) AND SA(6) AND NOT SA(1) AND SA(9) AND 
	NOT SA(0) AND NOT OUT_SD_8.LFBK));

FTCPE_OUT_SD9: FTCPE port map (OUT_SD(9),OUT_SD_T(9),NOT IOW,'0','0');
OUT_SD_T(9) <= ((NOT SA(5) AND NOT SA(4) AND NOT SA(3) AND NOT SA(2) AND NOT SA(8) AND NOT SA(7) AND 
	NOT SA(11) AND NOT SA(10) AND SD(1) AND SA(6) AND NOT SA(1) AND SA(9) AND 
	NOT SA(0) AND OUT_SD_9.LFBK)
	OR (NOT SA(5) AND NOT SA(4) AND NOT SA(3) AND NOT SA(2) AND NOT SA(8) AND NOT SA(7) AND 
	NOT SA(11) AND NOT SA(10) AND NOT SD(1) AND SA(6) AND NOT SA(1) AND SA(9) AND 
	NOT SA(0) AND NOT OUT_SD_9.LFBK));

FTCPE_OUT_SD10: FTCPE port map (OUT_SD(10),OUT_SD_T(10),NOT IOW,'0','0');
OUT_SD_T(10) <= ((NOT SA(5) AND NOT SA(4) AND NOT SA(3) AND NOT SA(2) AND NOT SA(8) AND NOT SA(7) AND 
	NOT SA(11) AND NOT SA(10) AND SD(2) AND SA(6) AND NOT SA(1) AND SA(9) AND 
	NOT SA(0) AND OUT_SD_10.LFBK)
	OR (NOT SA(5) AND NOT SA(4) AND NOT SA(3) AND NOT SA(2) AND NOT SA(8) AND NOT SA(7) AND 
	NOT SA(11) AND NOT SA(10) AND NOT SD(2) AND SA(6) AND NOT SA(1) AND SA(9) AND 
	NOT SA(0) AND NOT OUT_SD_10.LFBK));

Register Legend:
 FDCPE (Q,D,C,CLR,PRE); 
 FTCPE (Q,D,C,CLR,PRE); 
 LDCP  (Q,D,G,CLR,PRE); 

******************************  Device Pin Out *****************************

Device : XC95108-7-PC84


   --------------------------------------------------------------  
  /11 10 9  8  7  6  5  4  3  2  1  84 83 82 81 80 79 78 77 76 75 \
 | 12                                                          74 | 
 | 13                                                          73 | 
 | 14                                                          72 | 
 | 15                                                          71 | 
 | 16                                                          70 | 
 | 17                                                          69 | 
 | 18                                                          68 | 
 | 19                                                          67 | 
 | 20                                                          66 | 
 | 21                       XC95108-7-PC84                     65 | 
 | 22                                                          64 | 
 | 23                                                          63 | 
 | 24                                                          62 | 
 | 25                                                          61 | 
 | 26                                                          60 | 
 | 27                                                          59 | 
 | 28                                                          58 | 
 | 29                                                          57 | 
 | 30                                                          56 | 
 | 31                                                          55 | 
 | 32                                                          54 | 
 \ 33 34 35 36 37 38 39 40 41 42 43 44 45 46 47 48 49 50 51 52 53 /
   --------------------------------------------------------------  


Pin Signal                         Pin Signal                        
No. Name                           No. Name                          
  1 IO_B<7>                          43 SA<1>                         
  2 IO_B<6>                          44 SA<0>                         
  3 IO_B<5>                          45 TIE                           
  4 IO_B<4>                          46 TIE                           
  5 IO_B<3>                          47 TIE                           
  6 IO_B<2>                          48 TIE                           
  7 IO_B<1>                          49 GND                           
  8 GND                              50 TIE                           
  9 TIE                              51 TIE                           
 10 TIE                              52 TIE                           
 11 IO_B<0>                          53 TIE                           
 12 TIE                              54 SD<7>                         
 13 IO_A<7>                          55 SD<6>                         
 14 IO_A<6>                          56 SD<5>                         
 15 IO_A<5>                          57 SD<4>                         
 16 GND                              58 SD<3>                         
 17 IO_A<4>                          59 TDO                           
 18 IO_A<3>                          60 GND                           
 19 IO_A<2>                          61 SD<2>                         
 20 IO_A<1>                          62 SD<1>                         
 21 IO_A<0>                          63 SD<0>                         
 22 VCC                              64 VCC                           
 23 IOW                              65 TIE                           
 24 TIE                              66 TIE                           
 25 TIE                              67 TIE                           
 26 IOCS16                           68 TIE                           
 27 GND                              69 TIE                           
 28 TDI                              70 OUT_SD<10>                    
 29 TMS                              71 OUT_SD<9>                     
 30 TCK                              72 OUT_SD<8>                     
 31 SA<11>                           73 VCC                           
 32 SA<10>                           74 TIE                           
 33 SA<9>                            75 TIE                           
 34 SA<8>                            76 TIE                           
 35 SA<7>                            77 TIE                           
 36 SA<6>                            78 VCC                           
 37 SA<5>                            79 TIE                           
 38 VCC                              80 TIE                           
 39 SA<4>                            81 TIE                           
 40 SA<3>                            82 TIE                           
 41 SA<2>                            83 TIE                           
 42 GND                              84 TIE                           


Legend :  NC  = Not Connected, unbonded pin
         PGND = Unused I/O configured as additional Ground pin
         TIE  = Unused I/O floating -- must tie to VCC, GND or other signal
         VCC  = Dedicated Power Pin
         GND  = Dedicated Ground Pin
         TDI  = Test Data In, JTAG pin
         TDO  = Test Data Out, JTAG pin
         TCK  = Test Clock, JTAG pin
         TMS  = Test Mode Select, JTAG pin
  PROHIBITED  = User reserved pin
****************************  Compiler Options  ****************************

Following is a list of all global compiler options used by the fitter run.

Device(s) Specified                         : xc95108-7-PC84
Optimization Method                         : SPEED
Multi-Level Logic Optimization              : ON
Ignore Timing Specifications                : OFF
Default Register Power Up Value             : LOW
Keep User Location Constraints              : ON
What-You-See-Is-What-You-Get                : OFF
Exhaustive Fitting                          : OFF
Keep Unused Inputs                          : OFF
Slew Rate                                   : FAST
Power Mode                                  : STD
Ground on Unused IOs                        : OFF
Global Clock Optimization                   : ON
Global Set/Reset Optimization               : ON
Global Ouput Enable Optimization            : ON
FASTConnect/UIM optimzation                 : ON
Local Feedback                              : ON
Pin Feedback                                : ON
Input Limit                                 : 36
Pterm Limit                                 : 25
